
============================================================
Started: 2026-01-31 15:04:40
============================================================
Error: /Volumes/ExtData/proj/ayre_display/webcam.link not found

============================================================
Started: 2026-01-31 15:04:51
============================================================
Error: /Volumes/ExtData/proj/ayre_display/webcam.link not found

============================================================
Started: 2026-01-31 15:06:28
============================================================
Error: /Volumes/ExtData/proj/ayre_display/webcam.link not found

============================================================
Started: 2026-01-31 15:06:45
============================================================
Opening stream: foscam4c.home.bb:443/videoMain
Resolution: 640x480
Press 'q' quit, 'c' reset, 's' save, 'l#/r#' learn (e.g. l6, r8)
----------------------------------------
Reading: XX  B2  UNMUTE
Traceback (most recent call last):
  File "/Volumes/ExtData/proj/ayre_display/live_demo.py", line 1581, in <module>
    main()
    ~~~~^^
  File "/Volumes/ExtData/proj/ayre_display/live_demo.py", line 794, in main
    ret, frame = cap.read()
                 ~~~~~~~~^^
KeyboardInterrupt

============================================================
Started: 2026-01-31 16:17:24
============================================================
Opening stream: foscam4c.home.bb:443/videoMain
Resolution: 640x480
Press 'q' quit, 'c' reset, 's' save, 'l#/r#' learn (e.g. l6, r8)
----------------------------------------
Reading: 13  B2  UNMUTE
Reading: 13  B2  UNMUTE  [15.03 fps]
Reading: 13  B2  UNMUTE  [14.99 fps]
Reading: 13  B2  UNMUTE  [14.99 fps]
Reading: 13  B2  UNMUTE  [14.92 fps]
Reading: 13  B2  UNMUTE  [15.05 fps]
Reading: 13  B2  UNMUTE  [14.99 fps]
Reading: 13  B2  UNMUTE  [14.93 fps]
Reading: 13  B2  UNMUTE  [15.04 fps]
Reading: 13  B2  UNMUTE  [14.98 fps]
Reading: 13  B2  UNMUTE  [15.00 fps]
Reading: 13  B2  UNMUTE  [14.99 fps]
Reading: 13  B2  UNMUTE  [14.99 fps]
Reading: 13  B2  UNMUTE  [14.99 fps]
Reading: 13  B2  UNMUTE  [14.99 fps]
Reading: 13  B2  UNMUTE  [14.99 fps]
Reading: 13  B2  UNMUTE  [14.98 fps]
Reading: 13  B2  UNMUTE  [15.00 fps]
Reading: 13  B2  UNMUTE  [14.99 fps]
Reading: 19  B2  UNMUTE
Reading: 14  B2  UNMUTE
Reading: 19  B2  UNMUTE
Reading: 15  B2  UNMUTE
Reading: 16  B2  UNMUTE
Reading: 18  B2  UNMUTE
Reading: 18  B2  UNMUTE  [14.99 fps]
Reading: 19  B2  UNMUTE
Reading: XX  B2  UNMUTE
Reading: 20  B2  UNMUTE
Reading: 21  B2  UNMUTE
Reading: 20  B2  UNMUTE
Reading: 20  B2  UNMUTE  [14.99 fps]
Reading: 20  B2  UNMUTE  [14.99 fps]
Reading: 20  B2  UNMUTE  [14.98 fps]
Reading: 20  B2  UNMUTE  [15.00 fps]
Traceback (most recent call last):
  File "/Volumes/ExtData/proj/ayre_display/live_demo.py", line 1584, in <module>
    if __name__ == "__main__":
        ^^^^^^
  File "/Volumes/ExtData/proj/ayre_display/live_demo.py", line 1495, in main
    # Handle key presses (30ms wait reduces CPU usage)
KeyboardInterrupt

============================================================
Started: 2026-01-31 17:29:25
============================================================
Opening stream: foscam4c.home.bb:443/videoMain
Resolution: 640x480
Press 'q' quit, 'c' reset, 's' save, 'l#/r#' learn (e.g. l6, r8)
----------------------------------------
Reading: 15  B2  UNMUTE
Reading: 15  B2  MUTE
Reading: XX  B2  MUTE
Reading: PP  S1  MUTE
Reading: PP  S1  UNMUTE
Reading: PP  S1  UNMUTE  [15.03 fps]
Reading: PP  S1  UNMUTE  [14.99 fps]
Reading: PP  S1  UNMUTE  [14.99 fps]
Reading: PP  S1  UNMUTE  [14.99 fps]
Reading: PP  S1  UNMUTE  [14.90 fps]
Reading: PP  S1  UNMUTE  [15.07 fps]
Reading: PP  S1  UNMUTE  [14.99 fps]
Reading: PP  S1  UNMUTE  [14.99 fps]
Reading: PP  S1  UNMUTE  [14.99 fps]
Reading: PP  S1  UNMUTE  [14.99 fps]
Reading: PP  S1  UNMUTE  [14.99 fps]
Reading: PP  S1  UNMUTE  [14.99 fps]
Reading: PP  S1  UNMUTE  [14.99 fps]
Reading: PP  S1  UNMUTE  [14.99 fps]
Reading: PP  S1  UNMUTE  [14.99 fps]
Reading: PP  S1  UNMUTE  [14.99 fps]
Reading: PP  S1  UNMUTE  [14.98 fps]
Reading: PP  S1  UNMUTE  [15.00 fps]
Reading: PP  S1  UNMUTE  [14.99 fps]
Reading: PP  S1  UNMUTE  [14.97 fps]
Reading: PP  S1  UNMUTE  [15.01 fps]
Reading: PP  S1  UNMUTE  [14.99 fps]
Reading: PP  S1  UNMUTE  [14.98 fps]
Reading: PP  S1  UNMUTE  [15.00 fps]
Reading: PP  S1  UNMUTE  [14.99 fps]
Reading: PP  S1  UNMUTE  [14.99 fps]
Reading: PP  S1  UNMUTE  [14.99 fps]
Reading: PP  S1  UNMUTE  [14.99 fps]
Reading: PP  S1  UNMUTE  [14.89 fps]
Reading: PP  S1  UNMUTE  [15.09 fps]
Reading: PP  S1  UNMUTE  [14.95 fps]
Reading: PP  S1  UNMUTE  [15.02 fps]
Reading: PP  S1  UNMUTE  [14.98 fps]
Reading: PP  S1  UNMUTE  [15.00 fps]
Reading: PP  S1  UNMUTE  [14.96 fps]
Reading: PP  S1  UNMUTE  [15.02 fps]
Reading: PP  S1  UNMUTE  [14.99 fps]
Reading: PP  S1  UNMUTE  [14.99 fps]
Reading: PP  S1  UNMUTE  [14.99 fps]
Reading: PP  S1  UNMUTE  [14.99 fps]
Reading: PP  S1  UNMUTE  [14.99 fps]
Reading: PP  S1  UNMUTE  [14.99 fps]
Reading: PP  S1  UNMUTE  [14.96 fps]
Reading: PP  S1  UNMUTE  [15.00 fps]
Reading: PP  S1  UNMUTE  [15.00 fps]
Reading: PP  S1  UNMUTE  [14.98 fps]
Reading: PP  S1  UNMUTE  [14.99 fps]
Reading: PP  S1  UNMUTE  [14.98 fps]
Reading: PP  S1  UNMUTE  [14.88 fps]
Reading: PP  S1  UNMUTE  [15.10 fps]
Reading: PP  S1  UNMUTE  [14.99 fps]
Reading: PP  S1  UNMUTE  [14.99 fps]
Reading: PP  S1  UNMUTE  [14.99 fps]
Reading: PP  S1  UNMUTE  [14.99 fps]
Reading: PP  S1  UNMUTE  [14.99 fps]
Reading: PP  S1  UNMUTE  [14.99 fps]
Reading: PP  S1  UNMUTE  [14.90 fps]
Reading: PP  S1  UNMUTE  [15.08 fps]
Reading: PP  S1  UNMUTE  [14.99 fps]
Traceback (most recent call last):
  File "/Volumes/ExtData/proj/ayre_display/live_demo.py", line 1585, in <module>
    main()
    ~~~~^^
  File "/Volumes/ExtData/proj/ayre_display/live_demo.py", line 1496, in main
    key = cv2.waitKey(30) & 0xFF
          ~~~~~~~~~~~^^^^
KeyboardInterrupt

============================================================
Started: 2026-02-01 03:12:40
============================================================
Opening stream: foscam4c.home.bb:443/videoMain
Resolution: 640x480
Press 'q' quit, 'c' reset, 's' save, 'l#/r#' learn (e.g. l6, r8)
----------------------------------------
Reading: XX  B2  UNMUTE
Reading: XX  B2  UNMUTE  [15.03 fps]
Reading: XX  B2  UNMUTE  [14.98 fps]
Reading: XX  B2  UNMUTE  [14.99 fps]
Done
